// Jest Snapshot v1, https://goo.gl/fbAQLP

exports[`Test Search component should be render a component 1`] = `
<Fragment>
  <label
    className="font-m color-dark-100"
    htmlFor="color"
  >
    color
     
  </label>
  <select
    id="color"
    name="color"
    onChange={[Function]}
  >
    <option
      key="0"
    />
    <option
      key="1"
    />
  </select>
</Fragment>
`;
